// Jest Snapshot v1, https://goo.gl/fbAQLP

exports[`Layout Component renders GestureHandlerRootView 1`] = `null`;
